Archive member included because of file (symbol)

/usr/lib/gcc/avr/4.8.1/avr25/tiny-stack/libgcc.a(_exit.o)
                              /usr/lib/gcc/avr/4.8.1/../../../avr/lib/avr25/tiny-stack/crttn2313.o (exit)
/usr/lib/gcc/avr/4.8.1/avr25/tiny-stack/libgcc.a(_copy_data.o)
                              obj/Debug/enc28j60.o (__do_copy_data)
/usr/lib/gcc/avr/4.8.1/avr25/tiny-stack/libgcc.a(_clear_bss.o)
                              obj/Debug/counter.o (__do_clear_bss)
/usr/lib/gcc/avr/4.8.1/../../../avr/lib/avr25/tiny-stack/libc.a(memset.o)
                              obj/Debug/lan.o (memset)
/usr/lib/gcc/avr/4.8.1/../../../avr/lib/avr25/tiny-stack/libc.a(eerd_block_attiny2313.o)
                              obj/Debug/main.o (__eerd_block_tn2313)
/usr/lib/gcc/avr/4.8.1/../../../avr/lib/avr25/tiny-stack/libc.a(eerd_word_attiny2313.o)
                              obj/Debug/main.o (__eerd_word_tn2313)

Allocating common symbols
Common symbol       size              file

ms_count            0x2               obj/Debug/counter.o
second_count        0x4               obj/Debug/counter.o
packetBuffer        0x40              obj/Debug/main.o
net_buf             0x40              obj/Debug/lan.o
tick_count          0x4               obj/Debug/counter.o

Memory Configuration

Name             Origin             Length             Attributes
text             0x0000000000000000 0x0000000000002000 xr
data             0x0000000000800060 0x000000000000ffa0 rw !x
eeprom           0x0000000000810000 0x0000000000010000 rw !x
fuse             0x0000000000820000 0x0000000000000400 rw !x
lock             0x0000000000830000 0x0000000000000400 rw !x
signature        0x0000000000840000 0x0000000000000400 rw !x
user_signatures  0x0000000000850000 0x0000000000000400 rw !x
*default*        0x0000000000000000 0xffffffffffffffff

Linker script and memory map

LOAD /usr/lib/gcc/avr/4.8.1/../../../avr/lib/avr25/tiny-stack/crttn2313.o
LOAD obj/Debug/counter.o
LOAD obj/Debug/enc28j60.o
LOAD obj/Debug/lan.o
LOAD obj/Debug/main.o
LOAD /usr/lib/gcc/avr/4.8.1/avr25/tiny-stack/libgcc.a
LOAD /usr/lib/gcc/avr/4.8.1/../../../avr/lib/avr25/tiny-stack/libm.a
START GROUP
LOAD /usr/lib/gcc/avr/4.8.1/avr25/tiny-stack/libgcc.a
LOAD /usr/lib/gcc/avr/4.8.1/../../../avr/lib/avr25/tiny-stack/libm.a
LOAD /usr/lib/gcc/avr/4.8.1/../../../avr/lib/avr25/tiny-stack/libc.a
END GROUP

.hash
 *(.hash)

.dynsym
 *(.dynsym)

.dynstr
 *(.dynstr)

.gnu.version
 *(.gnu.version)

.gnu.version_d
 *(.gnu.version_d)

.gnu.version_r
 *(.gnu.version_r)

.rel.init
 *(.rel.init)

.rela.init
 *(.rela.init)

.rel.text
 *(.rel.text)
 *(.rel.text.*)
 *(.rel.gnu.linkonce.t*)

.rela.text
 *(.rela.text)
 *(.rela.text.*)
 *(.rela.gnu.linkonce.t*)

.rel.fini
 *(.rel.fini)

.rela.fini
 *(.rela.fini)

.rel.rodata
 *(.rel.rodata)
 *(.rel.rodata.*)
 *(.rel.gnu.linkonce.r*)

.rela.rodata
 *(.rela.rodata)
 *(.rela.rodata.*)
 *(.rela.gnu.linkonce.r*)

.rel.data
 *(.rel.data)
 *(.rel.data.*)
 *(.rel.gnu.linkonce.d*)

.rela.data
 *(.rela.data)
 *(.rela.data.*)
 *(.rela.gnu.linkonce.d*)

.rel.ctors
 *(.rel.ctors)

.rela.ctors
 *(.rela.ctors)

.rel.dtors
 *(.rel.dtors)

.rela.dtors
 *(.rela.dtors)

.rel.got
 *(.rel.got)

.rela.got
 *(.rela.got)

.rel.bss
 *(.rel.bss)

.rela.bss
 *(.rela.bss)

.rel.plt
 *(.rel.plt)

.rela.plt
 *(.rela.plt)

.text           0x0000000000000000      0xc2a
 *(.vectors)
 .vectors       0x0000000000000000       0x26 /usr/lib/gcc/avr/4.8.1/../../../avr/lib/avr25/tiny-stack/crttn2313.o
                0x0000000000000000                __vectors
                0x0000000000000000                __vector_default
 *(.vectors)
 *(.progmem.gcc*)
                0x0000000000000026                . = ALIGN (0x2)
                0x0000000000000026                __trampolines_start = .
 *(.trampolines)
 .trampolines   0x0000000000000026        0x0 linker stubs
 *(.trampolines*)
                0x0000000000000026                __trampolines_end = .
 *(.progmem*)
                0x0000000000000026                . = ALIGN (0x2)
 *(.jumptables)
 *(.jumptables*)
 *(.lowtext)
 *(.lowtext*)
                0x0000000000000026                __ctors_start = .
 *(.ctors)
                0x0000000000000026                __ctors_end = .
                0x0000000000000026                __dtors_start = .
 *(.dtors)
                0x0000000000000026                __dtors_end = .
 SORT(*)(.ctors)
 SORT(*)(.dtors)
 *(.init0)
 .init0         0x0000000000000026        0x0 /usr/lib/gcc/avr/4.8.1/../../../avr/lib/avr25/tiny-stack/crttn2313.o
                0x0000000000000026                __init
 *(.init0)
 *(.init1)
 *(.init1)
 *(.init2)
 .init2         0x0000000000000026        0x8 /usr/lib/gcc/avr/4.8.1/../../../avr/lib/avr25/tiny-stack/crttn2313.o
 *(.init2)
 *(.init3)
 *(.init3)
 *(.init4)
 .init4         0x000000000000002e       0x16 /usr/lib/gcc/avr/4.8.1/avr25/tiny-stack/libgcc.a(_copy_data.o)
                0x000000000000002e                __do_copy_data
 .init4         0x0000000000000044       0x10 /usr/lib/gcc/avr/4.8.1/avr25/tiny-stack/libgcc.a(_clear_bss.o)
                0x0000000000000044                __do_clear_bss
 *(.init4)
 *(.init5)
 *(.init5)
 *(.init6)
 *(.init6)
 *(.init7)
 *(.init7)
 *(.init8)
 *(.init8)
 *(.init9)
 .init9         0x0000000000000054        0x4 /usr/lib/gcc/avr/4.8.1/../../../avr/lib/avr25/tiny-stack/crttn2313.o
 *(.init9)
 *(.text)
 .text          0x0000000000000058        0x2 /usr/lib/gcc/avr/4.8.1/../../../avr/lib/avr25/tiny-stack/crttn2313.o
                0x0000000000000058                __vector_1
                0x0000000000000058                __vector_12
                0x0000000000000058                __bad_interrupt
                0x0000000000000058                __vector_6
                0x0000000000000058                __vector_3
                0x0000000000000058                __vector_11
                0x0000000000000058                __vector_13
                0x0000000000000058                __vector_17
                0x0000000000000058                __vector_7
                0x0000000000000058                __vector_5
                0x0000000000000058                __vector_4
                0x0000000000000058                __vector_9
                0x0000000000000058                __vector_2
                0x0000000000000058                __vector_15
                0x0000000000000058                __vector_8
                0x0000000000000058                __vector_14
                0x0000000000000058                __vector_10
                0x0000000000000058                __vector_16
                0x0000000000000058                __vector_18
 .text          0x000000000000005a       0xae obj/Debug/counter.o
                0x000000000000005a                TIMER2_COMP_vect
                0x00000000000000f4                counter_init
 .text          0x0000000000000108      0x49e obj/Debug/enc28j60.o
                0x0000000000000108                enc28j60_rxtx
                0x0000000000000120                enc28j60_read_op
                0x000000000000015c                enc28j60_write_op
                0x00000000000001aa                enc28j60_soft_reset
                0x00000000000001c4                enc28j60_set_bank
                0x00000000000001d4                enc28j60_rcr
                0x00000000000001fc                enc28j60_rcr16
                0x0000000000000230                enc28j60_wcr
                0x0000000000000260                enc28j60_wcr16
                0x00000000000002a0                enc28j60_bfc
                0x00000000000002d0                enc28j60_bfs
                0x0000000000000300                enc28j60_read_buffer
                0x000000000000035c                enc28j60_write_buffer
                0x00000000000003b6                enc28j60_read_phy
                0x00000000000003d4                enc28j60_write_phy
                0x00000000000003f4                enc28j60_init
                0x000000000000049e                enc28j60_send_packet
                0x0000000000000500                enc28j60_recv_packet
 .text          0x00000000000005a6      0x50a obj/Debug/lan.o
                0x00000000000005a6                ip_cksum
                0x000000000000062a                ip_filter
                0x000000000000064a                arp_search_cache
                0x0000000000000678                arp_resolve
                0x0000000000000766                ip_send
                0x000000000000087a                eth_send
                0x0000000000000892                eth_reply
                0x00000000000008bc                ip_reply
                0x0000000000000928                arp_filter
                0x0000000000000a4e                eth_filter
                0x0000000000000a8c                lan_init
                0x0000000000000a92                lan_poll
                0x0000000000000aac                lan_up
 .text          0x0000000000000ab0       0x84 obj/Debug/main.o
                0x0000000000000ab0                readStatus
                0x0000000000000afe                setLeds
                0x0000000000000b1c                ledFlash
 .text          0x0000000000000b34        0x0 /usr/lib/gcc/avr/4.8.1/avr25/tiny-stack/libgcc.a(_exit.o)
 .text          0x0000000000000b34        0x0 /usr/lib/gcc/avr/4.8.1/avr25/tiny-stack/libgcc.a(_copy_data.o)
 .text          0x0000000000000b34        0x0 /usr/lib/gcc/avr/4.8.1/avr25/tiny-stack/libgcc.a(_clear_bss.o)
 .text          0x0000000000000b34        0x0 /usr/lib/gcc/avr/4.8.1/../../../avr/lib/avr25/tiny-stack/libc.a(memset.o)
 .text          0x0000000000000b34        0x0 /usr/lib/gcc/avr/4.8.1/../../../avr/lib/avr25/tiny-stack/libc.a(eerd_block_attiny2313.o)
 .text          0x0000000000000b34        0x0 /usr/lib/gcc/avr/4.8.1/../../../avr/lib/avr25/tiny-stack/libc.a(eerd_word_attiny2313.o)
                0x0000000000000b34                . = ALIGN (0x2)
 *(.text.*)
 .text.startup  0x0000000000000b34       0xc0 obj/Debug/main.o
                0x0000000000000b34                main
 .text.libgcc.mul
                0x0000000000000bf4        0x0 /usr/lib/gcc/avr/4.8.1/avr25/tiny-stack/libgcc.a(_exit.o)
 .text.libgcc.div
                0x0000000000000bf4        0x0 /usr/lib/gcc/avr/4.8.1/avr25/tiny-stack/libgcc.a(_exit.o)
 .text.libgcc   0x0000000000000bf4        0x0 /usr/lib/gcc/avr/4.8.1/avr25/tiny-stack/libgcc.a(_exit.o)
 .text.libgcc.prologue
                0x0000000000000bf4        0x0 /usr/lib/gcc/avr/4.8.1/avr25/tiny-stack/libgcc.a(_exit.o)
 .text.libgcc.builtins
                0x0000000000000bf4        0x0 /usr/lib/gcc/avr/4.8.1/avr25/tiny-stack/libgcc.a(_exit.o)
 .text.libgcc.fmul
                0x0000000000000bf4        0x0 /usr/lib/gcc/avr/4.8.1/avr25/tiny-stack/libgcc.a(_exit.o)
 .text.libgcc.fixed
                0x0000000000000bf4        0x0 /usr/lib/gcc/avr/4.8.1/avr25/tiny-stack/libgcc.a(_exit.o)
 .text.libgcc.mul
                0x0000000000000bf4        0x0 /usr/lib/gcc/avr/4.8.1/avr25/tiny-stack/libgcc.a(_copy_data.o)
 .text.libgcc.div
                0x0000000000000bf4        0x0 /usr/lib/gcc/avr/4.8.1/avr25/tiny-stack/libgcc.a(_copy_data.o)
 .text.libgcc   0x0000000000000bf4        0x0 /usr/lib/gcc/avr/4.8.1/avr25/tiny-stack/libgcc.a(_copy_data.o)
 .text.libgcc.prologue
                0x0000000000000bf4        0x0 /usr/lib/gcc/avr/4.8.1/avr25/tiny-stack/libgcc.a(_copy_data.o)
 .text.libgcc.builtins
                0x0000000000000bf4        0x0 /usr/lib/gcc/avr/4.8.1/avr25/tiny-stack/libgcc.a(_copy_data.o)
 .text.libgcc.fmul
                0x0000000000000bf4        0x0 /usr/lib/gcc/avr/4.8.1/avr25/tiny-stack/libgcc.a(_copy_data.o)
 .text.libgcc.fixed
                0x0000000000000bf4        0x0 /usr/lib/gcc/avr/4.8.1/avr25/tiny-stack/libgcc.a(_copy_data.o)
 .text.libgcc.mul
                0x0000000000000bf4        0x0 /usr/lib/gcc/avr/4.8.1/avr25/tiny-stack/libgcc.a(_clear_bss.o)
 .text.libgcc.div
                0x0000000000000bf4        0x0 /usr/lib/gcc/avr/4.8.1/avr25/tiny-stack/libgcc.a(_clear_bss.o)
 .text.libgcc   0x0000000000000bf4        0x0 /usr/lib/gcc/avr/4.8.1/avr25/tiny-stack/libgcc.a(_clear_bss.o)
 .text.libgcc.prologue
                0x0000000000000bf4        0x0 /usr/lib/gcc/avr/4.8.1/avr25/tiny-stack/libgcc.a(_clear_bss.o)
 .text.libgcc.builtins
                0x0000000000000bf4        0x0 /usr/lib/gcc/avr/4.8.1/avr25/tiny-stack/libgcc.a(_clear_bss.o)
 .text.libgcc.fmul
                0x0000000000000bf4        0x0 /usr/lib/gcc/avr/4.8.1/avr25/tiny-stack/libgcc.a(_clear_bss.o)
 .text.libgcc.fixed
                0x0000000000000bf4        0x0 /usr/lib/gcc/avr/4.8.1/avr25/tiny-stack/libgcc.a(_clear_bss.o)
 .text.avr-libc
                0x0000000000000bf4        0xe /usr/lib/gcc/avr/4.8.1/../../../avr/lib/avr25/tiny-stack/libc.a(memset.o)
                0x0000000000000bf4                memset
 .text.avr-libc
                0x0000000000000c02       0x1e /usr/lib/gcc/avr/4.8.1/../../../avr/lib/avr25/tiny-stack/libc.a(eerd_block_attiny2313.o)
                0x0000000000000c02                __eerd_block_tn2313
                0x0000000000000c06                __eerd_blraw_tn2313
 .text.avr-libc
                0x0000000000000c20        0x6 /usr/lib/gcc/avr/4.8.1/../../../avr/lib/avr25/tiny-stack/libc.a(eerd_word_attiny2313.o)
                0x0000000000000c20                __eerd_word_tn2313
                0x0000000000000c26                . = ALIGN (0x2)
 *(.fini9)
 .fini9         0x0000000000000c26        0x0 /usr/lib/gcc/avr/4.8.1/avr25/tiny-stack/libgcc.a(_exit.o)
                0x0000000000000c26                exit
                0x0000000000000c26                _exit
 *(.fini9)
 *(.fini8)
 *(.fini8)
 *(.fini7)
 *(.fini7)
 *(.fini6)
 *(.fini6)
 *(.fini5)
 *(.fini5)
 *(.fini4)
 *(.fini4)
 *(.fini3)
 *(.fini3)
 *(.fini2)
 *(.fini2)
 *(.fini1)
 *(.fini1)
 *(.fini0)
 .fini0         0x0000000000000c26        0x4 /usr/lib/gcc/avr/4.8.1/avr25/tiny-stack/libgcc.a(_exit.o)
 *(.fini0)
                0x0000000000000c2a                _etext = .

.data           0x0000000000800060        0x8 load address 0x0000000000000c2a
                0x0000000000800060                PROVIDE (__data_start, .)
 *(.data)
 .data          0x0000000000800060        0x0 /usr/lib/gcc/avr/4.8.1/../../../avr/lib/avr25/tiny-stack/crttn2313.o
 .data          0x0000000000800060        0x0 obj/Debug/counter.o
 .data          0x0000000000800060        0x0 obj/Debug/enc28j60.o
 .data          0x0000000000800060        0x6 obj/Debug/lan.o
 .data          0x0000000000800066        0x0 obj/Debug/main.o
 .data          0x0000000000800066        0x0 /usr/lib/gcc/avr/4.8.1/avr25/tiny-stack/libgcc.a(_exit.o)
 .data          0x0000000000800066        0x0 /usr/lib/gcc/avr/4.8.1/avr25/tiny-stack/libgcc.a(_copy_data.o)
 .data          0x0000000000800066        0x0 /usr/lib/gcc/avr/4.8.1/avr25/tiny-stack/libgcc.a(_clear_bss.o)
 .data          0x0000000000800066        0x0 /usr/lib/gcc/avr/4.8.1/../../../avr/lib/avr25/tiny-stack/libc.a(memset.o)
 .data          0x0000000000800066        0x0 /usr/lib/gcc/avr/4.8.1/../../../avr/lib/avr25/tiny-stack/libc.a(eerd_block_attiny2313.o)
 .data          0x0000000000800066        0x0 /usr/lib/gcc/avr/4.8.1/../../../avr/lib/avr25/tiny-stack/libc.a(eerd_word_attiny2313.o)
 *(.data*)
 *(.rodata)
 .rodata        0x0000000000800066        0x2 obj/Debug/enc28j60.o
 *(.rodata*)
 *(.gnu.linkonce.d*)
                0x0000000000800068                . = ALIGN (0x2)
                0x0000000000800068                _edata = .
                0x0000000000800068                PROVIDE (__data_end, .)

.bss            0x0000000000800068       0x9c
                0x0000000000800068                PROVIDE (__bss_start, .)
 *(.bss)
 .bss           0x0000000000800068        0x0 /usr/lib/gcc/avr/4.8.1/../../../avr/lib/avr25/tiny-stack/crttn2313.o
 .bss           0x0000000000800068        0x0 obj/Debug/counter.o
 .bss           0x0000000000800068        0x3 obj/Debug/enc28j60.o
                0x0000000000800068                enc28j60_rxrdpt
                0x000000000080006a                enc28j60_current_bank
 .bss           0x000000000080006b        0xb obj/Debug/lan.o
 .bss           0x0000000000800076        0x4 obj/Debug/main.o
                0x0000000000800076                linkActive
                0x0000000000800077                ctlButton
                0x0000000000800078                ctlKey
                0x0000000000800079                doSend
 .bss           0x000000000080007a        0x0 /usr/lib/gcc/avr/4.8.1/avr25/tiny-stack/libgcc.a(_exit.o)
 .bss           0x000000000080007a        0x0 /usr/lib/gcc/avr/4.8.1/avr25/tiny-stack/libgcc.a(_copy_data.o)
 .bss           0x000000000080007a        0x0 /usr/lib/gcc/avr/4.8.1/avr25/tiny-stack/libgcc.a(_clear_bss.o)
 .bss           0x000000000080007a        0x0 /usr/lib/gcc/avr/4.8.1/../../../avr/lib/avr25/tiny-stack/libc.a(memset.o)
 .bss           0x000000000080007a        0x0 /usr/lib/gcc/avr/4.8.1/../../../avr/lib/avr25/tiny-stack/libc.a(eerd_block_attiny2313.o)
 .bss           0x000000000080007a        0x0 /usr/lib/gcc/avr/4.8.1/../../../avr/lib/avr25/tiny-stack/libc.a(eerd_word_attiny2313.o)
 *(.bss*)
 *(COMMON)
 COMMON         0x000000000080007a        0xa obj/Debug/counter.o
                0x000000000080007a                ms_count
                0x000000000080007c                second_count
                0x0000000000800080                tick_count
 COMMON         0x0000000000800084       0x40 obj/Debug/lan.o
                0x0000000000800084                net_buf
 COMMON         0x00000000008000c4       0x40 obj/Debug/main.o
                0x00000000008000c4                packetBuffer
                0x0000000000800104                PROVIDE (__bss_end, .)
                0x0000000000000c2a                __data_load_start = LOADADDR (.data)
                0x0000000000000c32                __data_load_end = (__data_load_start + SIZEOF (.data))

.noinit         0x0000000000800104        0x0
                0x0000000000800104                PROVIDE (__noinit_start, .)
 *(.noinit*)
                0x0000000000800104                PROVIDE (__noinit_end, .)
                0x0000000000800104                _end = .
                0x0000000000800104                PROVIDE (__heap_start, .)

.eeprom         0x0000000000810000       0x36
 *(.eeprom*)
 .eeprom        0x0000000000810000       0x36 obj/Debug/main.o
                0x0000000000810000                eedata
                0x0000000000810036                __eeprom_end = .

.fuse
 *(.fuse)
 *(.lfuse)
 *(.hfuse)
 *(.efuse)

.lock
 *(.lock*)

.signature
 *(.signature*)

.user_signatures
 *(.user_signatures*)

.stab           0x0000000000000000     0x2958
 *(.stab)
 .stab          0x0000000000000000      0x5a0 obj/Debug/counter.o
 .stab          0x00000000000005a0      0xf54 obj/Debug/enc28j60.o
                                       0x111c (size before relaxing)
 .stab          0x00000000000014f4      0xdc8 obj/Debug/lan.o
                                        0xf9c (size before relaxing)
 .stab          0x00000000000022bc      0x69c obj/Debug/main.o
                                        0x864 (size before relaxing)

.stabstr        0x0000000000000000     0x19d1
 *(.stabstr)
 .stabstr       0x0000000000000000     0x19d1 obj/Debug/counter.o

.stab.excl
 *(.stab.excl)

.stab.exclstr
 *(.stab.exclstr)

.stab.index
 *(.stab.index)

.stab.indexstr
 *(.stab.indexstr)

.comment        0x0000000000000000       0x11
 *(.comment)
 .comment       0x0000000000000000       0x11 obj/Debug/counter.o
                                         0x12 (size before relaxing)
 .comment       0x0000000000000000       0x12 obj/Debug/enc28j60.o
 .comment       0x0000000000000000       0x12 obj/Debug/lan.o
 .comment       0x0000000000000000       0x12 obj/Debug/main.o

.note.gnu.build-id
 *(.note.gnu.build-id)

.debug
 *(.debug)

.line
 *(.line)

.debug_srcinfo
 *(.debug_srcinfo)

.debug_sfnames
 *(.debug_sfnames)

.debug_aranges
 *(.debug_aranges)

.debug_pubnames
 *(.debug_pubnames)

.debug_info
 *(.debug_info .gnu.linkonce.wi.*)

.debug_abbrev
 *(.debug_abbrev)

.debug_line
 *(.debug_line .debug_line.* .debug_line_end)

.debug_frame
 *(.debug_frame)

.debug_str
 *(.debug_str)

.debug_loc
 *(.debug_loc)

.debug_macinfo
 *(.debug_macinfo)

.debug_weaknames
 *(.debug_weaknames)

.debug_funcnames
 *(.debug_funcnames)

.debug_typenames
 *(.debug_typenames)

.debug_varnames
 *(.debug_varnames)

.debug_pubtypes
 *(.debug_pubtypes)

.debug_ranges
 *(.debug_ranges)

.debug_macro
 *(.debug_macro)
OUTPUT(bin/Debug/ethernetbutton.elf elf32-avr)
LOAD linker stubs

Cross Reference Table

Symbol                                            File
TIMER2_COMP_vect                                  obj/Debug/counter.o
__bad_interrupt                                   /usr/lib/gcc/avr/4.8.1/../../../avr/lib/avr25/tiny-stack/crttn2313.o
__bss_end                                         /usr/lib/gcc/avr/4.8.1/avr25/tiny-stack/libgcc.a(_clear_bss.o)
__bss_start                                       /usr/lib/gcc/avr/4.8.1/avr25/tiny-stack/libgcc.a(_clear_bss.o)
__data_end                                        /usr/lib/gcc/avr/4.8.1/avr25/tiny-stack/libgcc.a(_copy_data.o)
__data_load_start                                 /usr/lib/gcc/avr/4.8.1/avr25/tiny-stack/libgcc.a(_copy_data.o)
__data_start                                      /usr/lib/gcc/avr/4.8.1/avr25/tiny-stack/libgcc.a(_copy_data.o)
__do_clear_bss                                    /usr/lib/gcc/avr/4.8.1/avr25/tiny-stack/libgcc.a(_clear_bss.o)
                                                  obj/Debug/main.o
                                                  obj/Debug/lan.o
                                                  obj/Debug/enc28j60.o
                                                  obj/Debug/counter.o
__do_copy_data                                    /usr/lib/gcc/avr/4.8.1/avr25/tiny-stack/libgcc.a(_copy_data.o)
                                                  obj/Debug/lan.o
                                                  obj/Debug/enc28j60.o
__eerd_block_tn2313                               /usr/lib/gcc/avr/4.8.1/../../../avr/lib/avr25/tiny-stack/libc.a(eerd_block_attiny2313.o)
                                                  obj/Debug/main.o
__eerd_blraw_tn2313                               /usr/lib/gcc/avr/4.8.1/../../../avr/lib/avr25/tiny-stack/libc.a(eerd_block_attiny2313.o)
                                                  /usr/lib/gcc/avr/4.8.1/../../../avr/lib/avr25/tiny-stack/libc.a(eerd_word_attiny2313.o)
__eerd_word_tn2313                                /usr/lib/gcc/avr/4.8.1/../../../avr/lib/avr25/tiny-stack/libc.a(eerd_word_attiny2313.o)
                                                  obj/Debug/main.o
__heap_end                                        /usr/lib/gcc/avr/4.8.1/../../../avr/lib/avr25/tiny-stack/crttn2313.o
__init                                            /usr/lib/gcc/avr/4.8.1/../../../avr/lib/avr25/tiny-stack/crttn2313.o
__stack                                           /usr/lib/gcc/avr/4.8.1/../../../avr/lib/avr25/tiny-stack/crttn2313.o
__vector_1                                        /usr/lib/gcc/avr/4.8.1/../../../avr/lib/avr25/tiny-stack/crttn2313.o
__vector_10                                       /usr/lib/gcc/avr/4.8.1/../../../avr/lib/avr25/tiny-stack/crttn2313.o
__vector_11                                       /usr/lib/gcc/avr/4.8.1/../../../avr/lib/avr25/tiny-stack/crttn2313.o
__vector_12                                       /usr/lib/gcc/avr/4.8.1/../../../avr/lib/avr25/tiny-stack/crttn2313.o
__vector_13                                       /usr/lib/gcc/avr/4.8.1/../../../avr/lib/avr25/tiny-stack/crttn2313.o
__vector_14                                       /usr/lib/gcc/avr/4.8.1/../../../avr/lib/avr25/tiny-stack/crttn2313.o
__vector_15                                       /usr/lib/gcc/avr/4.8.1/../../../avr/lib/avr25/tiny-stack/crttn2313.o
__vector_16                                       /usr/lib/gcc/avr/4.8.1/../../../avr/lib/avr25/tiny-stack/crttn2313.o
__vector_17                                       /usr/lib/gcc/avr/4.8.1/../../../avr/lib/avr25/tiny-stack/crttn2313.o
__vector_18                                       /usr/lib/gcc/avr/4.8.1/../../../avr/lib/avr25/tiny-stack/crttn2313.o
__vector_2                                        /usr/lib/gcc/avr/4.8.1/../../../avr/lib/avr25/tiny-stack/crttn2313.o
__vector_3                                        /usr/lib/gcc/avr/4.8.1/../../../avr/lib/avr25/tiny-stack/crttn2313.o
__vector_4                                        /usr/lib/gcc/avr/4.8.1/../../../avr/lib/avr25/tiny-stack/crttn2313.o
__vector_5                                        /usr/lib/gcc/avr/4.8.1/../../../avr/lib/avr25/tiny-stack/crttn2313.o
__vector_6                                        /usr/lib/gcc/avr/4.8.1/../../../avr/lib/avr25/tiny-stack/crttn2313.o
__vector_7                                        /usr/lib/gcc/avr/4.8.1/../../../avr/lib/avr25/tiny-stack/crttn2313.o
__vector_8                                        /usr/lib/gcc/avr/4.8.1/../../../avr/lib/avr25/tiny-stack/crttn2313.o
__vector_9                                        /usr/lib/gcc/avr/4.8.1/../../../avr/lib/avr25/tiny-stack/crttn2313.o
__vector_default                                  /usr/lib/gcc/avr/4.8.1/../../../avr/lib/avr25/tiny-stack/crttn2313.o
__vectors                                         /usr/lib/gcc/avr/4.8.1/../../../avr/lib/avr25/tiny-stack/crttn2313.o
_exit                                             /usr/lib/gcc/avr/4.8.1/avr25/tiny-stack/libgcc.a(_exit.o)
arp_filter                                        obj/Debug/lan.o
arp_resolve                                       obj/Debug/lan.o
arp_search_cache                                  obj/Debug/lan.o
counter_init                                      obj/Debug/counter.o
ctlButton                                         obj/Debug/main.o
ctlKey                                            obj/Debug/main.o
doSend                                            obj/Debug/main.o
eedata                                            obj/Debug/main.o
enc28j60_bfc                                      obj/Debug/enc28j60.o
enc28j60_bfs                                      obj/Debug/enc28j60.o
enc28j60_current_bank                             obj/Debug/enc28j60.o
enc28j60_init                                     obj/Debug/enc28j60.o
                                                  obj/Debug/main.o
                                                  obj/Debug/lan.o
enc28j60_rcr                                      obj/Debug/enc28j60.o
enc28j60_rcr16                                    obj/Debug/enc28j60.o
enc28j60_read_buffer                              obj/Debug/enc28j60.o
enc28j60_read_op                                  obj/Debug/enc28j60.o
enc28j60_read_phy                                 obj/Debug/enc28j60.o
                                                  obj/Debug/main.o
enc28j60_recv_packet                              obj/Debug/enc28j60.o
                                                  obj/Debug/lan.o
enc28j60_rxrdpt                                   obj/Debug/enc28j60.o
enc28j60_rxtx                                     obj/Debug/enc28j60.o
enc28j60_send_packet                              obj/Debug/enc28j60.o
                                                  obj/Debug/main.o
                                                  obj/Debug/lan.o
enc28j60_set_bank                                 obj/Debug/enc28j60.o
enc28j60_soft_reset                               obj/Debug/enc28j60.o
enc28j60_wcr                                      obj/Debug/enc28j60.o
enc28j60_wcr16                                    obj/Debug/enc28j60.o
enc28j60_write_buffer                             obj/Debug/enc28j60.o
enc28j60_write_op                                 obj/Debug/enc28j60.o
enc28j60_write_phy                                obj/Debug/enc28j60.o
eth_filter                                        obj/Debug/lan.o
eth_reply                                         obj/Debug/lan.o
eth_send                                          obj/Debug/lan.o
exit                                              /usr/lib/gcc/avr/4.8.1/avr25/tiny-stack/libgcc.a(_exit.o)
                                                  /usr/lib/gcc/avr/4.8.1/../../../avr/lib/avr25/tiny-stack/crttn2313.o
ip_cksum                                          obj/Debug/lan.o
ip_filter                                         obj/Debug/lan.o
ip_reply                                          obj/Debug/lan.o
ip_send                                           obj/Debug/lan.o
lan_init                                          obj/Debug/lan.o
lan_poll                                          obj/Debug/lan.o
lan_up                                            obj/Debug/lan.o
ledFlash                                          obj/Debug/main.o
linkActive                                        obj/Debug/main.o
main                                              obj/Debug/main.o
                                                  /usr/lib/gcc/avr/4.8.1/../../../avr/lib/avr25/tiny-stack/crttn2313.o
memset                                            /usr/lib/gcc/avr/4.8.1/../../../avr/lib/avr25/tiny-stack/libc.a(memset.o)
                                                  obj/Debug/lan.o
ms_count                                          obj/Debug/counter.o
net_buf                                           obj/Debug/lan.o
packetBuffer                                      obj/Debug/main.o
readStatus                                        obj/Debug/main.o
second_count                                      obj/Debug/counter.o
setLeds                                           obj/Debug/main.o
tick_count                                        obj/Debug/counter.o
